
> reinicio_uni@0.0.1 build
> nest build

node.exe : [96msrc
/academic/academic-
data.service.ts[0m
:[93m2[0m:[93m30
[0m - [91merror[
0m[90m TS2307: 
[0mCannot find 
module '../../gener
ated/client-academi
c' or its 
corresponding type 
declarations.
En línea: 1 
Carácter: 1
+ & "C:\Program Fil
es\nodejs/node.exe"
 "C:\Program Files\
nodejs/node_mo ...
+ ~~~~~~~~~~~~~~~~~
~~~~~~~~~~~~~~~~~~~
~~~~~~~~~~~~~~~~~~~
~~~~~~~~~~~~~~
    + CategoryInfo 
             : No  
  tSpecified: (   
 [96msrc/academ    
...e declarati    
ons.:String) [    
], RemoteExcep    
tion
    + FullyQualifi 
   edErrorId : Na  
  tiveCommandErr   
 or
 

[7m2[0m import { 
PrismaClient } 
from '../../generat
ed/client-academic'
;
[7m [0m [91m    
                   
      ~~~~~~~~~~~~~
~~~~~~~~~~~~~~~~~~~
~[0m
[96msrc/academic/a
cademic-data.servic
e.ts[0m:[93m7[0m
:[93m20[0m - [91
merror[0m[90m 
TS2339: 
[0mProperty 
'$connect' does 
not exist on type '
AcademicDataService
'.

[7m7[0m         
await 
this.$connect();
[7m [0m [91m    
               
~~~~~~~~[0m
[96msrc/academic/a
cademic-data.servic
e.ts[0m:[93m10[0
m:[93m20[0m - [9
1merror[0m[90m 
TS2339: 
[0mProperty 
'$disconnect' does 
not exist on type '
AcademicDataService
'.

[7m10[0m         
await 
this.$disconnect();
[7m  [0m [91m   
                
~~~~~~~~~~~[0m
[96msrc/academic/a
cademic-period/acad
emic-period.service
.ts[0m:[93m12[0m
:[93m49[0m - [91
merror[0m[90m 
TS2339: 
[0mProperty 
'academicPeriod' 
does not exist on 
type 'AcademicDataS
ervice'.

[7m12[0m         
const existing = 
await this.dataServ
ice.academicPeriod.
findUnique({
[7m  [0m [91m   
                   
                   
       
~~~~~~~~~~~~~~[0m
[96msrc/academic/a
cademic-period/acad
emic-period.service
.ts[0m:[93m22[0m
:[93m36[0m - [91
merror[0m[90m 
TS2339: 
[0mProperty 
'academicPeriod' 
does not exist on 
type 'AcademicDataS
ervice'.

[7m22[0m         
    await this.data
Service.academicPer
iod.updateMany({
[7m  [0m [91m   
                   
             
~~~~~~~~~~~~~~[0m
[96msrc/academic/a
cademic-period/acad
emic-period.service
.ts[0m:[93m28[0m
:[93m33[0m - [91
merror[0m[90m 
TS2339: 
[0mProperty 
'academicPeriod' 
does not exist on 
type 'AcademicDataS
ervice'.

[7m28[0m         
return this.dataSer
vice.academicPeriod
.create({
[7m  [0m [91m   
                   
          
~~~~~~~~~~~~~~[0m
[96msrc/academic/a
cademic-period/acad
emic-period.service
.ts[0m:[93m38[0m
:[93m33[0m - [91
merror[0m[90m 
TS2339: 
[0mProperty 
'academicPeriod' 
does not exist on 
type 'AcademicDataS
ervice'.

[7m38[0m         
return this.dataSer
vice.academicPeriod
.findMany({
[7m  [0m [91m   
                   
          
~~~~~~~~~~~~~~[0m
[96msrc/academic/a
cademic-period/acad
emic-period.service
.ts[0m:[93m44[0m
:[93m47[0m - [91
merror[0m[90m 
TS2339: 
[0mProperty 
'academicPeriod' 
does not exist on 
type 'AcademicDataS
ervice'.

[7m44[0m         
const period = 
await this.dataServ
ice.academicPeriod.
findUnique({
[7m  [0m [91m   
                   
                   
     
~~~~~~~~~~~~~~[0m
[96msrc/academic/a
cademic-period/acad
emic-period.service
.ts[0m:[93m60[0m
:[93m53[0m - [91
merror[0m[90m 
TS2339: 
[0mProperty 
'academicPeriod' 
does not exist on 
type 'AcademicDataS
ervice'.

[7m60[0m         
    const existing 
= await this.dataSe
rvice.academicPerio
d.findFirst({
[7m  [0m [91m   
                   
                   
           
~~~~~~~~~~~~~~[0m
[96msrc/academic/a
cademic-period/acad
emic-period.service
.ts[0m:[93m73[0m
:[93m36[0m - [91
merror[0m[90m 
TS2339: 
[0mProperty 
'academicPeriod' 
does not exist on 
type 'AcademicDataS
ervice'.

[7m73[0m         
    await this.data
Service.academicPer
iod.updateMany({
[7m  [0m [91m   
                   
             
~~~~~~~~~~~~~~[0m
[96msrc/academic/a
cademic-period/acad
emic-period.service
.ts[0m:[93m79[0m
:[93m33[0m - [91
merror[0m[90m 
TS2339: 
[0mProperty 
'academicPeriod' 
does not exist on 
type 'AcademicDataS
ervice'.

[7m79[0m         
return this.dataSer
vice.academicPeriod
.update({
[7m  [0m [91m   
                   
          
~~~~~~~~~~~~~~[0m
[96msrc/academic/a
cademic-period/acad
emic-period.service
.ts[0m:[93m91[0m
:[93m33[0m - [91
merror[0m[90m 
TS2339: 
[0mProperty 
'academicPeriod' 
does not exist on 
type 'AcademicDataS
ervice'.

[7m91[0m         
return this.dataSer
vice.academicPeriod
.delete({
[7m  [0m [91m   
                   
          
~~~~~~~~~~~~~~[0m
[96msrc/academic/c
areer/career.servic
e.ts[0m:[93m12[0
m:[93m49[0m - [9
1merror[0m[90m 
TS2339: 
[0mProperty 
'career' does not 
exist on type 'Acad
emicDataService'.

[7m12[0m         
const existing = 
await this.dataServ
ice.career.findUniq
ue({
[7m  [0m [91m   
                   
                   
       ~~~~~~[0m
[96msrc/academic/c
areer/career.servic
e.ts[0m:[93m21[0
m:[93m32[0m - [9
1merror[0m[90m 
TS2339: 
[0mProperty 
'specialty' does 
not exist on type '
AcademicDataService
'.

[7m21[0m         
await this.dataServ
ice.specialty.findU
niqueOrThrow({
[7m  [0m [91m   
                   
         
~~~~~~~~~[0m
[96msrc/academic/c
areer/career.servic
e.ts[0m:[93m27[0
m:[93m33[0m - [9
1merror[0m[90m 
TS2339: 
[0mProperty 
'career' does not 
exist on type 'Acad
emicDataService'.

[7m27[0m         
return this.dataSer
vice.career.create(
{
[7m  [0m [91m   
                   
          
~~~~~~[0m
[96msrc/academic/c
areer/career.servic
e.ts[0m:[93m33[0
m:[93m33[0m - [9
1merror[0m[90m 
TS2339: 
[0mProperty 
'career' does not 
exist on type 'Acad
emicDataService'.

[7m33[0m         
return this.dataSer
vice.career.findMan
y({
[7m  [0m [91m   
                   
          
~~~~~~[0m
[96msrc/academic/c
areer/career.servic
e.ts[0m:[93m39[0
m:[93m47[0m - [9
1merror[0m[90m 
TS2339: 
[0mProperty 
'career' does not 
exist on type 'Acad
emicDataService'.

[7m39[0m         
const career = 
await this.dataServ
ice.career.findUniq
ue({
[7m  [0m [91m   
                   
                   
     ~~~~~~[0m
[96msrc/academic/c
areer/career.servic
e.ts[0m:[93m55[0
m:[93m53[0m - [9
1merror[0m[90m 
TS2339: 
[0mProperty 
'career' does not 
exist on type 'Acad
emicDataService'.

[7m55[0m         
    const existing 
= await this.dataSe
rvice.career.findFi
rst({
[7m  [0m [91m   
                   
                   
           
~~~~~~[0m
[96msrc/academic/c
areer/career.servic
e.ts[0m:[93m68[0
m:[93m36[0m - [9
1merror[0m[90m 
TS2339: 
[0mProperty 
'specialty' does 
not exist on type '
AcademicDataService
'.

[7m68[0m         
    await this.data
Service.specialty.f
indUniqueOrThrow({
[7m  [0m [91m   
                   
             
~~~~~~~~~[0m
[96msrc/academic/c
areer/career.servic
e.ts[0m:[93m75[0
m:[93m33[0m - [9
1merror[0m[90m 
TS2339: 
[0mProperty 
'career' does not 
exist on type 'Acad
emicDataService'.

[7m75[0m         
return this.dataSer
vice.career.update(
{
[7m  [0m [91m   
                   
          
~~~~~~[0m
[96msrc/academic/c
areer/career.servic
e.ts[0m:[93m83[0
m:[93m33[0m - [9
1merror[0m[90m 
TS2339: 
[0mProperty 
'career' does not 
exist on type 'Acad
emicDataService'.

[7m83[0m         
return this.dataSer
vice.career.delete(
{
[7m  [0m [91m   
                   
          
~~~~~~[0m
[96msrc/academic/c
ycle/cycle.service.
ts[0m:[93m12[0m:
[93m53[0m - [91m
error[0m[90m 
TS2339: 
[0mProperty 
'cycle' does not 
exist on type 'Acad
emicDataService'.

[7m12[0m         
const existingName 
= await this.dataSe
rvice.cycle.findUni
que({
[7m  [0m [91m   
                   
                   
           
~~~~~[0m
[96msrc/academic/c
ycle/cycle.service.
ts[0m:[93m20[0m:
[93m55[0m - [91m
error[0m[90m 
TS2339: 
[0mProperty 
'cycle' does not 
exist on type 'Acad
emicDataService'.

[7m20[0m         
const 
existingNumber = 
await this.dataServ
ice.cycle.findUniqu
e({
[7m  [0m [91m   
                   
                   
             
~~~~~[0m
[96msrc/academic/c
ycle/cycle.service.
ts[0m:[93m28[0m:
[93m33[0m - [91m
error[0m[90m 
TS2339: 
[0mProperty 
'cycle' does not 
exist on type 'Acad
emicDataService'.

[7m28[0m         
return this.dataSer
vice.cycle.create({
[7m  [0m [91m   
                   
          ~~~~~[0m
[96msrc/academic/c
ycle/cycle.service.
ts[0m:[93m34[0m:
[93m33[0m - [91m
error[0m[90m 
TS2339: 
[0mProperty 
'cycle' does not 
exist on type 'Acad
emicDataService'.

[7m34[0m         
return this.dataSer
vice.cycle.findMany
({
[7m  [0m [91m   
                   
          ~~~~~[0m
[96msrc/academic/c
ycle/cycle.service.
ts[0m:[93m40[0m:
[93m46[0m - [91m
error[0m[90m 
TS2339: 
[0mProperty 
'cycle' does not 
exist on type 'Acad
emicDataService'.

[7m40[0m         
const cycle = 
await this.dataServ
ice.cycle.findUniqu
e({
[7m  [0m [91m   
                   
                   
    ~~~~~[0m
[96msrc/academic/c
ycle/cycle.service.
ts[0m:[93m56[0m:
[93m53[0m - [91m
error[0m[90m 
TS2339: 
[0mProperty 
'cycle' does not 
exist on type 'Acad
emicDataService'.

[7m56[0m         
    const existing 
= await this.dataSe
rvice.cycle.findFir
st({
[7m  [0m [91m   
                   
                   
           
~~~~~[0m
[96msrc/academic/c
ycle/cycle.service.
ts[0m:[93m69[0m:
[93m53[0m - [91m
error[0m[90m 
TS2339: 
[0mProperty 
'cycle' does not 
exist on type 'Acad
emicDataService'.

[7m69[0m         
    const existing 
= await this.dataSe
rvice.cycle.findFir
st({
[7m  [0m [91m   
                   
                   
           
~~~~~[0m
[96msrc/academic/c
ycle/cycle.service.
ts[0m:[93m81[0m:
[93m33[0m - [91m
error[0m[90m 
TS2339: 
[0mProperty 
'cycle' does not 
exist on type 'Acad
emicDataService'.

[7m81[0m         
return this.dataSer
vice.cycle.update({
[7m  [0m [91m   
                   
          ~~~~~[0m
[96msrc/academic/c
ycle/cycle.service.
ts[0m:[93m89[0m:
[93m33[0m - [91m
error[0m[90m 
TS2339: 
[0mProperty 
'cycle' does not 
exist on type 'Acad
emicDataService'.

[7m89[0m         
return this.dataSer
vice.cycle.delete({
[7m  [0m [91m   
                   
          ~~~~~[0m
[96msrc/academic/e
nrollment/enrollmen
t.service.ts[0m:[
93m15[0m:[93m48[
0m - [91merror[0m
[90m TS2339: 
[0mProperty 
'student' does not 
exist on type 'Acad
emicDataService'.

[7m15[0m         
const student = 
await this.dataServ
ice.student.findUni
que({ where: { id: 
studentId } });
[7m  [0m [91m   
                   
                   
      ~~~~~~~[0m
[96msrc/academic/e
nrollment/enrollmen
t.service.ts[0m:[
93m19[0m:[93m47[
0m - [91merror[0m
[90m TS2339: 
[0mProperty 
'academicPeriod' 
does not exist on 
type 'AcademicDataS
ervice'.

[7m19[0m         
const period = 
await this.dataServ
ice.academicPeriod.
findUnique({ 
where: { id: 
academicPeriodId } 
});
[7m  [0m [91m   
                   
                   
     
~~~~~~~~~~~~~~[0m
[96msrc/academic/e
nrollment/enrollmen
t.service.ts[0m:[
93m24[0m:[93m48[
0m - [91merror[0m
[90m TS2339: 
[0mProperty 
'subject' does not 
exist on type 'Acad
emicDataService'.

[7m24[0m         
const subject = 
await this.dataServ
ice.subject.findUni
que({ where: { id: 
subjectId } });
[7m  [0m [91m   
                   
                   
      ~~~~~~~[0m
[96msrc/academic/e
nrollment/enrollmen
t.service.ts[0m:[
93m29[0m:[93m49[
0m - [91merror[0m
[90m TS2339: 
[0mProperty 
'enrollment' does 
not exist on type '
AcademicDataService
'.

[7m29[0m         
const existing = 
await this.dataServ
ice.enrollment.find
Unique({
[7m  [0m [91m   
                   
                   
       
~~~~~~~~~~[0m
[96msrc/academic/e
nrollment/enrollmen
t.service.ts[0m:[
93m41[0m:[93m33[
0m - [91merror[0m
[90m TS2339: 
[0mProperty 
'$transaction' 
does not exist on 
type 'AcademicDataS
ervice'.

[7m41[0m         
return this.dataSer
vice.$transaction(a
sync (tx) => {
[7m  [0m [91m   
                   
          
~~~~~~~~~~~~[0m
[96msrc/academic/e
nrollment/enrollmen
t.service.ts[0m:[
93m56[0m:[93m33[
0m - [91merror[0m
[90m TS2339: 
[0mProperty 
'enrollment' does 
not exist on type '
AcademicDataService
'.

[7m56[0m         
return this.dataSer
vice.enrollment.fin
dMany({
[7m  [0m [91m   
                   
          
~~~~~~~~~~[0m
[96msrc/academic/e
nrollment/enrollmen
t.service.ts[0m:[
93m66[0m:[93m51[
0m - [91merror[0m
[90m TS2339: 
[0mProperty 
'enrollment' does 
not exist on type '
AcademicDataService
'.

[7m66[0m         
const enrollment = 
await this.dataServ
ice.enrollment.find
Unique({
[7m  [0m [91m   
                   
                   
         
~~~~~~~~~~[0m
[96msrc/academic/e
nrollment/enrollmen
t.service.ts[0m:[
93m89[0m:[93m33[
0m - [91merror[0m
[90m TS2339: 
[0mProperty 
'enrollment' does 
not exist on type '
AcademicDataService
'.

[7m89[0m         
return this.dataSer
vice.enrollment.upd
ate({
[7m  [0m [91m   
                   
          
~~~~~~~~~~[0m
[96msrc/academic/e
nrollment/enrollmen
t.service.ts[0m:[
93m98[0m:[93m33[
0m - [91merror[0m
[90m TS2339: 
[0mProperty 
'$transaction' 
does not exist on 
type 'AcademicDataS
ervice'.

[7m98[0m         
return this.dataSer
vice.$transaction(a
sync (tx) => {
[7m  [0m [91m   
                   
          
~~~~~~~~~~~~[0m
[96msrc/academic/s
peciality/specialit
y.service.ts[0m:[
93m12[0m:[93m49[
0m - [91merror[0m
[90m TS2339: 
[0mProperty 
'specialty' does 
not exist on type '
AcademicDataService
'.

[7m12[0m         
const existing = 
await this.dataServ
ice.specialty.findU
nique({
[7m  [0m [91m   
                   
                   
       
~~~~~~~~~[0m
[96msrc/academic/s
peciality/specialit
y.service.ts[0m:[
93m20[0m:[93m33[
0m - [91merror[0m
[90m TS2339: 
[0mProperty 
'specialty' does 
not exist on type '
AcademicDataService
'.

[7m20[0m         
return this.dataSer
vice.specialty.crea
te({
[7m  [0m [91m   
                   
          
~~~~~~~~~[0m
[96msrc/academic/s
peciality/specialit
y.service.ts[0m:[
93m26[0m:[93m33[
0m - [91merror[0m
[90m TS2339: 
[0mProperty 
'specialty' does 
not exist on type '
AcademicDataService
'.

[7m26[0m         
return this.dataSer
vice.specialty.find
Many({
[7m  [0m [91m   
                   
          
~~~~~~~~~[0m
[96msrc/academic/s
peciality/specialit
y.service.ts[0m:[
93m32[0m:[93m51[
0m - [91merror[0m
[90m TS2339: 
[0mProperty 
'specialty' does 
not exist on type '
AcademicDataService
'.

[7m32[0m         
const speciality = 
await this.dataServ
ice.specialty.findU
nique({
[7m  [0m [91m   
                   
                   
         
~~~~~~~~~[0m
[96msrc/academic/s
peciality/specialit
y.service.ts[0m:[
93m48[0m:[93m53[
0m - [91merror[0m
[90m TS2339: 
[0mProperty 
'specialty' does 
not exist on type '
AcademicDataService
'.

[7m48[0m         
    const existing 
= await this.dataSe
rvice.specialty.fin
dFirst({
[7m  [0m [91m   
                   
                   
           
~~~~~~~~~[0m
[96msrc/academic/s
peciality/specialit
y.service.ts[0m:[
93m60[0m:[93m33[
0m - [91merror[0m
[90m TS2339: 
[0mProperty 
'specialty' does 
not exist on type '
AcademicDataService
'.

[7m60[0m         
return this.dataSer
vice.specialty.upda
te({
[7m  [0m [91m   
                   
          
~~~~~~~~~[0m
[96msrc/academic/s
peciality/specialit
y.service.ts[0m:[
93m68[0m:[93m33[
0m - [91merror[0m
[90m TS2339: 
[0mProperty 
'specialty' does 
not exist on type '
AcademicDataService
'.

[7m68[0m         
return this.dataSer
vice.specialty.dele
te({
[7m  [0m [91m   
                   
          
~~~~~~~~~[0m
[96msrc/academic/s
tudent-subject/stud
ent-subject.service
.ts[0m:[93m15[0m
:[93m32[0m - [91
merror[0m[90m 
TS2339: 
[0mProperty 
'student' does not 
exist on type 'Acad
emicDataService'.

[7m15[0m         
await this.dataServ
ice.student.findUni
queOrThrow({ 
where: { id: 
studentId } 
}).catch(() => {
[7m  [0m [91m   
                   
         
~~~~~~~[0m
[96msrc/academic/s
tudent-subject/stud
ent-subject.service
.ts[0m:[93m20[0m
:[93m32[0m - [91
merror[0m[90m 
TS2339: 
[0mProperty 
'subject' does not 
exist on type 'Acad
emicDataService'.

[7m20[0m         
await this.dataServ
ice.subject.findUni
queOrThrow({ 
where: { id: 
subjectId } 
}).catch(() => {
[7m  [0m [91m   
                   
         
~~~~~~~[0m
[96msrc/academic/s
tudent-subject/stud
ent-subject.service
.ts[0m:[93m25[0m
:[93m49[0m - [91
merror[0m[90m 
TS2339: 
[0mProperty 
'studentSubject' 
does not exist on 
type 'AcademicDataS
ervice'.

[7m25[0m         
const existing = 
await this.dataServ
ice.studentSubject.
findUnique({
[7m  [0m [91m   
                   
                   
       
~~~~~~~~~~~~~~[0m
[96msrc/academic/s
tudent-subject/stud
ent-subject.service
.ts[0m:[93m35[0m
:[93m33[0m - [91
merror[0m[90m 
TS2339: 
[0mProperty 
'studentSubject' 
does not exist on 
type 'AcademicDataS
ervice'.

[7m35[0m         
return this.dataSer
vice.studentSubject
.create({
[7m  [0m [91m   
                   
          
~~~~~~~~~~~~~~[0m
[96msrc/academic/s
tudent-subject/stud
ent-subject.service
.ts[0m:[93m41[0m
:[93m33[0m - [91
merror[0m[90m 
TS2339: 
[0mProperty 
'studentSubject' 
does not exist on 
type 'AcademicDataS
ervice'.

[7m41[0m         
return this.dataSer
vice.studentSubject
.findMany({
[7m  [0m [91m   
                   
          
~~~~~~~~~~~~~~[0m
[96msrc/academic/s
tudent-subject/stud
ent-subject.service
.ts[0m:[93m50[0m
:[93m48[0m - [91
merror[0m[90m 
TS2339: 
[0mProperty 
'studentSubject' 
does not exist on 
type 'AcademicDataS
ervice'.

[7m50[0m         
const linkage = 
await this.dataServ
ice.studentSubject.
findUnique({
[7m  [0m [91m   
                   
                   
      
~~~~~~~~~~~~~~[0m
[96msrc/academic/s
tudent-subject/stud
ent-subject.service
.ts[0m:[93m67[0m
:[93m33[0m - [91
merror[0m[90m 
TS2339: 
[0mProperty 
'studentSubject' 
does not exist on 
type 'AcademicDataS
ervice'.

[7m67[0m         
return this.dataSer
vice.studentSubject
.update({
[7m  [0m [91m   
                   
          
~~~~~~~~~~~~~~[0m
[96msrc/academic/s
tudent-subject/stud
ent-subject.service
.ts[0m:[93m75[0m
:[93m33[0m - [91
merror[0m[90m 
TS2339: 
[0mProperty 
'studentSubject' 
does not exist on 
type 'AcademicDataS
ervice'.

[7m75[0m         
return this.dataSer
vice.studentSubject
.delete({
[7m  [0m [91m   
                   
          
~~~~~~~~~~~~~~[0m
[96msrc/academic/s
tudent/student.serv
ice.ts[0m:[93m11
[0m:[93m54[0m - 
[91merror[0m[90m 
TS2339: 
[0mProperty 
'student' does not 
exist on type 'Acad
emicDataService'.

[7m11[0m         
const 
existingEmail = 
await this.dataServ
ice.student.findUni
que({
[7m  [0m [91m   
                   
                   
            
~~~~~~~[0m
[96msrc/academic/s
tudent/student.serv
ice.ts[0m:[93m19
[0m:[93m53[0m - 
[91merror[0m[90m 
TS2339: 
[0mProperty 
'student' does not 
exist on type 'Acad
emicDataService'.

[7m19[0m         
const existingUser 
= await this.dataSe
rvice.student.findU
nique({
[7m  [0m [91m   
                   
                   
           
~~~~~~~[0m
[96msrc/academic/s
tudent/student.serv
ice.ts[0m:[93m28
[0m:[93m32[0m - 
[91merror[0m[90m 
TS2339: 
[0mProperty 
'career' does not 
exist on type 'Acad
emicDataService'.

[7m28[0m         
await this.dataServ
ice.career.findUniq
ueOrThrow({
[7m  [0m [91m   
                   
         ~~~~~~[0m
[96msrc/academic/s
tudent/student.serv
ice.ts[0m:[93m34
[0m:[93m33[0m - 
[91merror[0m[90m 
TS2339: 
[0mProperty 
'student' does not 
exist on type 'Acad
emicDataService'.

[7m34[0m         
return this.dataSer
vice.student.create
({
[7m  [0m [91m   
                   
          
~~~~~~~[0m
[96msrc/academic/s
tudent/student.serv
ice.ts[0m:[93m40
[0m:[93m33[0m - 
[91merror[0m[90m 
TS2339: 
[0mProperty 
'student' does not 
exist on type 'Acad
emicDataService'.

[7m40[0m         
return this.dataSer
vice.student.findMa
ny({
[7m  [0m [91m   
                   
          
~~~~~~~[0m
[96msrc/academic/s
tudent/student.serv
ice.ts[0m:[93m46
[0m:[93m48[0m - 
[91merror[0m[90m 
TS2339: 
[0mProperty 
'student' does not 
exist on type 'Acad
emicDataService'.

[7m46[0m         
const student = 
await this.dataServ
ice.student.findUni
que({
[7m  [0m [91m   
                   
                   
      ~~~~~~~[0m
[96msrc/academic/s
tudent/student.serv
ice.ts[0m:[93m62
[0m:[93m53[0m - 
[91merror[0m[90m 
TS2339: 
[0mProperty 
'student' does not 
exist on type 'Acad
emicDataService'.

[7m62[0m         
    const existing 
= await this.dataSe
rvice.student.findF
irst({
[7m  [0m [91m   
                   
                   
           
~~~~~~~[0m
[96msrc/academic/s
tudent/student.serv
ice.ts[0m:[93m75
[0m:[93m53[0m - 
[91merror[0m[90m 
TS2339: 
[0mProperty 
'student' does not 
exist on type 'Acad
emicDataService'.

[7m75[0m         
    const existing 
= await this.dataSe
rvice.student.findF
irst({
[7m  [0m [91m   
                   
                   
           
~~~~~~~[0m
[96msrc/academic/s
tudent/student.serv
ice.ts[0m:[93m88
[0m:[93m36[0m - 
[91merror[0m[90m 
TS2339: 
[0mProperty 
'career' does not 
exist on type 'Acad
emicDataService'.

[7m88[0m         
    await this.data
Service.career.find
UniqueOrThrow({
[7m  [0m [91m   
                   
             
~~~~~~[0m
[96msrc/academic/s
tudent/student.serv
ice.ts[0m:[93m95
[0m:[93m33[0m - 
[91merror[0m[90m 
TS2339: 
[0mProperty 
'student' does not 
exist on type 'Acad
emicDataService'.

[7m95[0m         
return this.dataSer
vice.student.update
({
[7m  [0m [91m   
                   
          
~~~~~~~[0m
[96msrc/academic/s
tudent/student.serv
ice.ts[0m:[93m103
[0m:[93m33[0m - 
[91merror[0m[90m
 TS2339: 
[0mProperty 
'student' does not 
exist on type 'Acad
emicDataService'.

[7m103[0m        
 return this.dataSe
rvice.student.delet
e({
[7m   [0m [91m  
                   
           
~~~~~~~[0m
[96msrc/academic/s
ubject/subject.serv
ice.ts[0m:[93m12
[0m:[93m49[0m - 
[91merror[0m[90m 
TS2339: 
[0mProperty 
'subject' does not 
exist on type 'Acad
emicDataService'.

[7m12[0m         
const existing = 
await this.dataServ
ice.subject.findUni
que({
[7m  [0m [91m   
                   
                   
       ~~~~~~~[0m
[96msrc/academic/s
ubject/subject.serv
ice.ts[0m:[93m27
[0m:[93m32[0m - 
[91merror[0m[90m 
TS2339: 
[0mProperty 
'career' does not 
exist on type 'Acad
emicDataService'.

[7m27[0m         
await this.dataServ
ice.career.findUniq
ueOrThrow({ where: 
{ id: createSubject
Dto.careerId } 
}).catch(() => {
[7m  [0m [91m   
                   
         ~~~~~~[0m
[96msrc/academic/s
ubject/subject.serv
ice.ts[0m:[93m31
[0m:[93m32[0m - 
[91merror[0m[90m 
TS2339: 
[0mProperty 
'cycle' does not 
exist on type 'Acad
emicDataService'.

[7m31[0m         
await this.dataServ
ice.cycle.findUniqu
eOrThrow({ where: 
{ id: createSubject
Dto.cycleId } 
}).catch(() => {
[7m  [0m [91m   
                   
         ~~~~~[0m
[96msrc/academic/s
ubject/subject.serv
ice.ts[0m:[93m35
[0m:[93m33[0m - 
[91merror[0m[90m 
TS2339: 
[0mProperty 
'subject' does not 
exist on type 'Acad
emicDataService'.

[7m35[0m         
return this.dataSer
vice.subject.create
({
[7m  [0m [91m   
                   
          
~~~~~~~[0m
[96msrc/academic/s
ubject/subject.serv
ice.ts[0m:[93m44
[0m:[93m33[0m - 
[91merror[0m[90m 
TS2339: 
[0mProperty 
'subject' does not 
exist on type 'Acad
emicDataService'.

[7m44[0m         
return this.dataSer
vice.subject.findMa
ny({
[7m  [0m [91m   
                   
          
~~~~~~~[0m
[96msrc/academic/s
ubject/subject.serv
ice.ts[0m:[93m50
[0m:[93m48[0m - 
[91merror[0m[90m 
TS2339: 
[0mProperty 
'subject' does not 
exist on type 'Acad
emicDataService'.

[7m50[0m         
const subject = 
await this.dataServ
ice.subject.findUni
que({
[7m  [0m [91m   
                   
                   
      ~~~~~~~[0m
[96msrc/academic/s
ubject/subject.serv
ice.ts[0m:[93m70
[0m:[93m53[0m - 
[91merror[0m[90m 
TS2339: 
[0mProperty 
'subject' does not 
exist on type 'Acad
emicDataService'.

[7m70[0m         
    const existing 
= await this.dataSe
rvice.subject.findF
irst({
[7m  [0m [91m   
                   
                   
           
~~~~~~~[0m
[96msrc/academic/s
ubject/subject.serv
ice.ts[0m:[93m89
[0m:[93m17[0m - 
[91merror[0m[90m 
TS18048: [0m'avail
ableQuota' is 
possibly 
'undefined'.

[7m89[0m         
    if 
(availableQuota < 
0) availableQuota 
= 0;
[7m  [0m [91m   
             
~~~~~~~~~~~~~~[0m
[96msrc/academic/s
ubject/subject.serv
ice.ts[0m:[93m89
[0m:[93m37[0m - 
[91merror[0m[90m 
TS2322: [0mType 
'0' is not 
assignable to type 
'undefined'.

[7m89[0m         
    if 
(availableQuota < 
0) availableQuota 
= 0;
[7m  [0m [91m   
                   
              
~~~~~~~~~~~~~~[0m
[96msrc/academic/s
ubject/subject.serv
ice.ts[0m:[93m92
[0m:[93m33[0m - 
[91merror[0m[90m 
TS2339: 
[0mProperty 
'subject' does not 
exist on type 'Acad
emicDataService'.

[7m92[0m         
return this.dataSer
vice.subject.update
({
[7m  [0m [91m   
                   
          
~~~~~~~[0m
[96msrc/academic/s
ubject/subject.serv
ice.ts[0m:[93m103
[0m:[93m33[0m - 
[91merror[0m[90m
 TS2339: 
[0mProperty 
'subject' does not 
exist on type 'Acad
emicDataService'.

[7m103[0m        
 return this.dataSe
rvice.subject.delet
e({
[7m   [0m [91m  
                   
           
~~~~~~~[0m
[96msrc/academic/t
eacher-subject/teac
her-subject.service
.ts[0m:[93m16[0m
:[93m32[0m - [91
merror[0m[90m 
TS2339: 
[0mProperty 
'teacher' does not 
exist on type 'Acad
emicDataService'.

[7m16[0m         
await this.dataServ
ice.teacher.findUni
queOrThrow({ 
where: { id: 
teacherId } 
}).catch(() => {
[7m  [0m [91m   
                   
         
~~~~~~~[0m
[96msrc/academic/t
eacher-subject/teac
her-subject.service
.ts[0m:[93m21[0m
:[93m32[0m - [91
merror[0m[90m 
TS2339: 
[0mProperty 
'subject' does not 
exist on type 'Acad
emicDataService'.

[7m21[0m         
await this.dataServ
ice.subject.findUni
queOrThrow({ 
where: { id: 
subjectId } 
}).catch(() => {
[7m  [0m [91m   
                   
         
~~~~~~~[0m
[96msrc/academic/t
eacher-subject/teac
her-subject.service
.ts[0m:[93m26[0m
:[93m49[0m - [91
merror[0m[90m 
TS2339: 
[0mProperty 
'teacherSubject' 
does not exist on 
type 'AcademicDataS
ervice'.

[7m26[0m         
const existing = 
await this.dataServ
ice.teacherSubject.
findUnique({
[7m  [0m [91m   
                   
                   
       
~~~~~~~~~~~~~~[0m
[96msrc/academic/t
eacher-subject/teac
her-subject.service
.ts[0m:[93m36[0m
:[93m33[0m - [91
merror[0m[90m 
TS2339: 
[0mProperty 
'teacherSubject' 
does not exist on 
type 'AcademicDataS
ervice'.

[7m36[0m         
return this.dataSer
vice.teacherSubject
.create({
[7m  [0m [91m   
                   
          
~~~~~~~~~~~~~~[0m
[96msrc/academic/t
eacher-subject/teac
her-subject.service
.ts[0m:[93m42[0m
:[93m33[0m - [91
merror[0m[90m 
TS2339: 
[0mProperty 
'teacherSubject' 
does not exist on 
type 'AcademicDataS
ervice'.

[7m42[0m         
return this.dataSer
vice.teacherSubject
.findMany({
[7m  [0m [91m   
                   
          
~~~~~~~~~~~~~~[0m
[96msrc/academic/t
eacher-subject/teac
her-subject.service
.ts[0m:[93m51[0m
:[93m51[0m - [91
merror[0m[90m 
TS2339: 
[0mProperty 
'teacherSubject' 
does not exist on 
type 'AcademicDataS
ervice'.

[7m51[0m         
const assignment = 
await this.dataServ
ice.teacherSubject.
findUnique({
[7m  [0m [91m   
                   
                   
         
~~~~~~~~~~~~~~[0m
[96msrc/academic/t
eacher-subject/teac
her-subject.service
.ts[0m:[93m68[0m
:[93m33[0m - [91
merror[0m[90m 
TS2339: 
[0mProperty 
'teacherSubject' 
does not exist on 
type 'AcademicDataS
ervice'.

[7m68[0m         
return this.dataSer
vice.teacherSubject
.update({
[7m  [0m [91m   
                   
          
~~~~~~~~~~~~~~[0m
[96msrc/academic/t
eacher-subject/teac
her-subject.service
.ts[0m:[93m76[0m
:[93m33[0m - [91
merror[0m[90m 
TS2339: 
[0mProperty 
'teacherSubject' 
does not exist on 
type 'AcademicDataS
ervice'.

[7m76[0m         
return this.dataSer
vice.teacherSubject
.delete({
[7m  [0m [91m   
                   
          
~~~~~~~~~~~~~~[0m
[96msrc/academic/t
eacher/teacher.modu
le.ts[0m:[93m3[0
m:[93m35[0m - [9
1merror[0m[90m 
TS2307: [0mCannot 
find module './teac
her.controller' or 
its corresponding 
type declarations.

[7m3[0m import { 
TeacherController 
} from './teacher.c
ontroller';
[7m [0m [91m    
                   
           ~~~~~~~~
~~~~~~~~~~~~~~[0m
[96msrc/academic/t
eacher/teacher.serv
ice.ts[0m:[93m12
[0m:[93m54[0m - 
[91merror[0m[90m 
TS2339: 
[0mProperty 
'teacher' does not 
exist on type 'Acad
emicDataService'.

[7m12[0m         
const 
existingEmail = 
await this.dataServ
ice.teacher.findUni
que({
[7m  [0m [91m   
                   
                   
            
~~~~~~~[0m
[96msrc/academic/t
eacher/teacher.serv
ice.ts[0m:[93m20
[0m:[93m53[0m - 
[91merror[0m[90m 
TS2339: 
[0mProperty 
'teacher' does not 
exist on type 'Acad
emicDataService'.

[7m20[0m         
const existingUser 
= await this.dataSe
rvice.teacher.findU
nique({
[7m  [0m [91m   
                   
                   
           
~~~~~~~[0m
[96msrc/academic/t
eacher/teacher.serv
ice.ts[0m:[93m28
[0m:[93m33[0m - 
[91merror[0m[90m 
TS2339: 
[0mProperty 
'teacher' does not 
exist on type 'Acad
emicDataService'.

[7m28[0m         
return this.dataSer
vice.teacher.create
({
[7m  [0m [91m   
                   
          
~~~~~~~[0m
[96msrc/academic/t
eacher/teacher.serv
ice.ts[0m:[93m34
[0m:[93m33[0m - 
[91merror[0m[90m 
TS2339: 
[0mProperty 
'teacher' does not 
exist on type 'Acad
emicDataService'.

[7m34[0m         
return this.dataSer
vice.teacher.findMa
ny({
[7m  [0m [91m   
                   
          
~~~~~~~[0m
[96msrc/academic/t
eacher/teacher.serv
ice.ts[0m:[93m40
[0m:[93m48[0m - 
[91merror[0m[90m 
TS2339: 
[0mProperty 
'teacher' does not 
exist on type 'Acad
emicDataService'.
Found 100 error(s).


[7m40[0m         
const teacher = 
await this.dataServ
ice.teacher.findUni
que({
[7m  [0m [91m   
                   
                   
      ~~~~~~~[0m
[96msrc/academic/t
eacher/teacher.serv
ice.ts[0m:[93m56
[0m:[93m53[0m - 
[91merror[0m[90m 
TS2339: 
[0mProperty 
'teacher' does not 
exist on type 'Acad
emicDataService'.

[7m56[0m         
    const existing 
= await this.dataSe
rvice.teacher.findF
irst({
[7m  [0m [91m   
                   
                   
           
~~~~~~~[0m
[96msrc/academic/t
eacher/teacher.serv
ice.ts[0m:[93m69
[0m:[93m53[0m - 
[91merror[0m[90m 
TS2339: 
[0mProperty 
'teacher' does not 
exist on type 'Acad
emicDataService'.

[7m69[0m         
    const existing 
= await this.dataSe
rvice.teacher.findF
irst({
[7m  [0m [91m   
                   
                   
           
~~~~~~~[0m
[96msrc/academic/t
eacher/teacher.serv
ice.ts[0m:[93m81
[0m:[93m33[0m - 
[91merror[0m[90m 
TS2339: 
[0mProperty 
'teacher' does not 
exist on type 'Acad
emicDataService'.

[7m81[0m         
return this.dataSer
vice.teacher.update
({
[7m  [0m [91m   
                   
          
~~~~~~~[0m
[96msrc/academic/t
eacher/teacher.serv
ice.ts[0m:[93m89
[0m:[93m33[0m - 
[91merror[0m[90m 
TS2339: 
[0mProperty 
'teacher' does not 
exist on type 'Acad
emicDataService'.

[7m89[0m         
return this.dataSer
vice.teacher.delete
({
[7m  [0m [91m   
                   
          
~~~~~~~[0m
[96msrc/app.module
.ts[0m:[93m9[0m:
[93m33[0m - [91m
error[0m[90m 
TS2307: [0mCannot 
find module './acad
emic/specialty/spec
ialty.module' or 
its corresponding 
type declarations.

[7m9[0m import { 
SpecialtyModule } 
from './academic/sp
ecialty/specialty.m
odule';
[7m [0m [91m    
                   
         ~~~~~~~~~~
~~~~~~~~~~~~~~~~~~~
~~~~~~~~~~[0m
[96msrc/help/audit
-log/audit-log.modu
le.ts[0m:[93m3[0
m:[93m36[0m - [9
1merror[0m[90m 
TS2307: [0mCannot 
find module './audi
t-log.controller' 
or its 
corresponding type 
declarations.

[7m3[0m import { 
AuditLogController 
} from './audit-log
.controller';
[7m [0m [91m    
                   
            ~~~~~~~
~~~~~~~~~~~~~~~~~[
0m
[96msrc/security/p
ermission/permissio
n.controller.ts[0m
:[93m1[0m:[93m39
[0m - [91merror[
0m[90m TS2305: 
[0mModule 
'"@nestjs/common"' 
has no exported 
member 'ApiTags'.

[7m1[0m import { 
Controller, Get, 
Post, Body, 
ApiTags, 
ApiOperation } 
from 
'@nestjs/common';
[7m [0m [91m    
                   
               
~~~~~~~[0m
[96msrc/security/p
ermission/permissio
n.controller.ts[0m
:[93m1[0m:[93m48
[0m - [91merror[
0m[90m TS2305: 
[0mModule 
'"@nestjs/common"' 
has no exported 
member 
'ApiOperation'.

[7m1[0m import { 
Controller, Get, 
Post, Body, 
ApiTags, 
ApiOperation } 
from 
'@nestjs/common';
[7m [0m [91m    
                   
                   
     
~~~~~~~~~~~~[0m
[96msrc/security/r
ole/role.controller
.ts[0m:[93m1[0m:
[93m39[0m - [91m
error[0m[90m 
TS2305: [0mModule 
'"@nestjs/common"' 
has no exported 
member 'ApiTags'.

[7m1[0m import { 
Controller, Get, 
Post, Body, 
ApiTags, 
ApiOperation } 
from 
'@nestjs/common';
[7m [0m [91m    
                   
               
~~~~~~~[0m
[96msrc/security/r
ole/role.controller
.ts[0m:[93m1[0m:
[93m48[0m - [91m
error[0m[90m 
TS2305: [0mModule 
'"@nestjs/common"' 
has no exported 
member 
'ApiOperation'.

[7m1[0m import { 
Controller, Get, 
Post, Body, 
ApiTags, 
ApiOperation } 
from 
'@nestjs/common';
[7m [0m [91m    
                   
                   
     
~~~~~~~~~~~~[0m

